// Jest Snapshot v1, https://goo.gl/fbAQLP

exports[`Wizard Verify Contact Screen tests Snapshot test renders correctly 1`] = `
<View
  style={
    Object {
      "backgroundColor": "#fff",
      "flex": 1,
      "marginTop": 20,
      "transform": Array [
        Object {
          "translateY": 0,
        },
      ],
    }
  }
>
  <View
    style={
      Object {
        "alignItems": "flex-start",
        "marginBottom": 10,
      }
    }
  >
    <Text
      style={
        Object {
          "fontSize": 30,
          "justifyContent": "flex-start",
          "left": 10,
        }
      }
    >
      Lägg till kontaktperson
    </Text>
    <Text
      style={
        Object {
          "fontSize": 20,
          "paddingLeft": 10,
        }
      }
    >
      Du kan alltid ändra och lägga till kontakpersoner senare under inställningar
    </Text>
  </View>
  <View
    style={
      Object {
        "alignItems": "flex-start",
        "marginBottom": 20,
        "marginTop": 20,
      }
    }
  >
<<<<<<< HEAD
     
    Nödkontakt efternamn:
  </Text>
  <TextInput
    allowFontScaling={true}
    onChangeText={[Function]}
    onSubmitEditing={[Function]}
    style={
      Object {
        "borderColor": "gray",
        "borderWidth": 1,
        "height": 40,
        "marginBottom": 20,
        "marginLeft": 10,
        "marginRight": 10,
        "paddingLeft": 10,
=======
    <Text
      style={
        Object {
          "fontSize": 20,
          "paddingLeft": 10,
        }
>>>>>>> 797930c7bd25fcdd9d6c4091931013a9b870b922
      }
    >
      Namn: 
    </Text>
    <TextInput
      allowFontScaling={true}
      onChangeText={[Function]}
      placeholder="Ange namn här!"
      style={
        Object {
          "borderColor": "gray",
          "borderWidth": 1,
          "height": 60,
          "marginLeft": 10,
          "marginRight": 10,
          "paddingLeft": 10,
          "width": "90%",
        }
      }
      underlineColorAndroid="transparent"
      value=""
    />
  </View>
  <View
    style={
      Object {
        "alignItems": "flex-start",
      }
    }
  >
    <Text
      style={
        Object {
          "fontSize": 20,
          "paddingLeft": 10,
        }
      }
    >
      Telefonnummer: 
    </Text>
    <TextInput
      allowFontScaling={true}
      onChangeText={[Function]}
      placeholder="ange nummer här!"
      style={
        Object {
          "borderColor": "gray",
          "borderWidth": 1,
          "height": 60,
          "marginLeft": 10,
          "marginRight": 10,
          "paddingLeft": 10,
          "width": "90%",
        }
      }
      underlineColorAndroid="transparent"
      value=""
    />
  </View>
  <View
    style={
      Object {
        "flex": 1,
        "justifyContent": "flex-end",
      }
    }
  >
    <View
      accessible={true}
      isTVSelectable={true}
      onResponderGrant={[Function]}
      onResponderMove={[Function]}
      onResponderRelease={[Function]}
      onResponderTerminate={[Function]}
      onResponderTerminationRequest={[Function]}
      onStartShouldSetResponder={[Function]}
      style={
        Object {
          "backgroundColor": "#0d6f73",
          "height": 60,
          "opacity": 1,
          "width": "100%",
        }
      }
    >
      <Text
        style={
          Object {
            "color": "#fff",
            "fontSize": 30,
            "paddingRight": 10,
            "paddingTop": 8,
            "textAlign": "right",
          }
        }
      >
        Nästa
      </Text>
    </View>
  </View>
</View>
`;
