// Jest Snapshot v1, https://goo.gl/fbAQLP

exports[`App snapshot renders the loading screen 1`] = `null`;

exports[`App snapshot renders the root without loading screen 1`] = `
<View
  style={
    Object {
      "backgroundColor": "#fff",
      "flex": 1,
    }
  }
>
  <View
    style={
      Object {
        "backgroundColor": "#fff",
        "flex": 1,
      }
    }
  >
    <Text
      style={
        Object {
          "flex": 1,
          "fontSize": 35,
          "justifyContent": "flex-start",
          "left": 10,
          "marginTop": 50,
        }
      }
    >
      Välkommen!
    </Text>
    <Text
      style={
        Object {
          "fontSize": 20,
          "marginBottom": 50,
          "paddingLeft": 10,
        }
      }
    >
       
      Innan du kan börja använda applikationen behöver du sätta några grundläggande inställningar som nödkontakt, timerintervall och varningstimerintervall.
    </Text>
    <View
      style={
        Object {
          "flex": 1,
          "justifyContent": "flex-end",
        }
      }
    >
      <View
        accessible={true}
        isTVSelectable={true}
        onResponderGrant={[Function]}
        onResponderMove={[Function]}
        onResponderRelease={[Function]}
        onResponderTerminate={[Function]}
        onResponderTerminationRequest={[Function]}
        onStartShouldSetResponder={[Function]}
        style={
          Object {
            "backgroundColor": "#0d6f73",
            "height": 60,
            "opacity": 1,
            "textAlign": "right",
            "width": "100%",
          }
        }
      >
        <Text
          style={
            Object {
              "color": "#fff",
              "fontSize": 30,
              "paddingRight": 10,
              "paddingTop": 8,
            }
          }
        >
          Nästa
        </Text>
      </View>
    </View>
  </View>
</View>
`;
